// Jest Snapshot v1, https://goo.gl/fbAQLP

exports[`AppBar component should matches the snapshot 1`] = `
<div
  style={
    Object {
      "alignItems": "center",
      "backgroundColor": "white",
      "display": "flex",
      "flexDirection": "row",
      "height": "4em",
      "justifyContent": "space-between",
      "paddingLeft": "2em",
      "paddingRight": "2em",
    }
  }
/>
`;
